PS C:\Users\STarou> cd C:\terakoya_kadai\git_challenge
PS C:\terakoya_kadai\git_challenge> git init
Initialized empty Git repository in C:/terakoya_kadai/git_challenge/.git/
PS C:\terakoya_kadai\git_challenge> git add hello_world.txt
PS C:\terakoya_kadai\git_challenge> git commit -m "first commit"
[main (root-commit) bb35099] first commit
 1 file changed, 1 insertion(+)
 create mode 100644 hello_world.txt
PS C:\terakoya_kadai\git_challenge> git add hello_world.txt
PS C:\terakoya_kadai\git_challenge> git commit -m "second commit"
[main 595c713] second commit
 1 file changed, 2 insertions(+), 1 deletion(-)
PS C:\terakoya_kadai\git_challenge> git log --oneline
595c713 (HEAD -> main) second commit
bb35099 first commit
PS C:\terakoya_kadai\git_challenge>
